*** Using Compiler 'V6.19', folder: 'E:\Apps\MDK\Core\ARM\ARMCLANG\Bin'
Build target 'Target 1'
compiling delay.c...
compiling cywatch_log.c...
compiling system_stm32f4xx.c...
compiling cywatch_rtc.c...
compiling stm32f4xx_it.c...
compiling gpio_hal.c...
compiling uart.c...
compiling rtstats.c...
compiling adc_hal.c...
compiling stm32f4xx_hal_msp.c...
compiling exti_hal.c...
compiling spi_hal.c...
compiling iic_hal.c...
compiling main.c...
compiling uart_hal.c...
compiling stm32f4xx_hal.c...
compiling stm32f4xx_hal_rcc_ex.c...
compiling stm32f4xx_hal_cortex.c...
compiling stm32f4xx_hal_rcc.c...
compiling stm32f4xx_hal_gpio.c...
compiling stm32f4xx_hal_pwr_ex.c...
compiling stm32f4xx_hal_flash.c...
compiling stm32f4xx_hal_dma_ex.c...
compiling stm32f4xx_hal_exti.c...
compiling stm32f4xx_hal_flash_ramfunc.c...
compiling stm32f4xx_hal_pwr.c...
compiling stm32f4xx_hal_flash_ex.c...
compiling stm32f4xx_hal_dma.c...
compiling stm32f4xx_hal_usart.c...
compiling stm32f4xx_hal_rtc_ex.c...
compiling stm32f4xx_hal_adc_ex.c...
compiling list.c...
compiling stm32f4xx_hal_adc.c...
compiling event_groups.c...
compiling port.c...
compiling heap_4.c...
compiling stm32f4xx_hal_rtc.c...
compiling timers.c...
compiling queue.c...
compiling stream_buffer.c...
compiling stm32f4xx_hal_uart.c...
compiling stm32f4xx_hal_spi.c...
compiling tasks.c...
compiling lv_obj_property.c...
compiling lv_obj_id_builtin.c...
compiling lv_obj_event.c...
compiling lv_obj_class.c...
compiling lv_obj_draw.c...
compiling lv_group.c...
compiling lv_obj_style_gen.c...
compiling lv_obj.c...
compiling cmsis_os2.c...
compiling lv_obj_scroll.c...
compiling lv_obj_tree.c...
compiling lv_obj_pos.c...
compiling lv_draw_dma2d_img.c...
compiling lv_refr.c...
compiling lv_draw_dma2d.c...
compiling lv_obj_style.c...
compiling lv_draw_3d.c...
compiling lv_draw_dma2d_fill.c...
compiling lv_draw_arc.c...
compiling lv_draw.c...
compiling lv_draw_image.c...
compiling lv_draw_mask.c...
compiling lv_draw_line.c...
compiling lv_draw_buf.c...
compiling lv_draw_nema_gfx_arc.c...
compiling lv_draw_triangle.c...
compiling lv_draw_label.c...
compiling lv_draw_vector.c...
compiling lv_draw_rect.c...
compiling lv_display.c...
compiling lv_draw_nema_gfx.c...
compiling lv_image_decoder.c...
compiling lv_draw_nema_gfx_img.c...
compiling lv_draw_nema_gfx_border.c...
compiling lv_draw_nema_gfx_fill.c...
compiling lv_draw_nema_gfx_layer.c...
compiling lv_draw_nema_gfx_label.c...
compiling lv_draw_nema_gfx_line.c...
compiling lv_draw_nema_gfx_stm32_hal.c...
compiling lv_draw_nema_gfx_utils.c...
compiling lv_draw_nema_gfx_triangle.c...
compiling lv_draw_buf_g2d.c...
compiling lv_g2d_buf_map.c...
compiling lv_draw_g2d.c...
compiling lv_g2d_utils.c...
compiling lv_draw_g2d_img.c...
compiling lv_draw_g2d_fill.c...
compiling lv_nema_gfx_path.c...
compiling lv_draw_pxp_fill.c...
compiling lv_draw_pxp_img.c...
compiling lv_draw_pxp.c...
compiling lv_draw_buf_pxp.c...
compiling lv_draw_pxp_layer.c...
compiling lv_pxp_utils.c...
compiling lv_pxp_osa.c...
compiling lv_draw_vglite_img.c...
compiling lv_draw_vglite_border.c...
compiling lv_draw_vglite_arc.c...
compiling lv_pxp_cfg.c...
compiling lv_draw_vglite.c...
compiling lv_draw_vglite_fill.c...
compiling lv_draw_buf_vglite.c...
compiling lv_draw_vglite_label.c...
compiling lv_draw_vglite_triangle.c...
compiling lv_draw_vglite_line.c...
compiling lv_draw_vglite_layer.c...
compiling lv_vglite_buf.c...
compiling lv_vglite_matrix.c...
compiling lv_vglite_path.c...
compiling lv_draw_dave2d_border.c...
compiling lv_vglite_utils.c...
compiling lv_draw_dave2d_arc.c...
compiling lv_draw_dave2d.c...
compiling lv_draw_opengles.c...
compiling lv_draw_dave2d_fill.c...
compiling lv_draw_dave2d_label.c...
compiling lv_draw_dave2d_mask_rectangle.c...
compiling lv_draw_dave2d_image.c...
compiling lv_draw_dave2d_line.c...
compiling lv_draw_dave2d_utils.c...
compiling lv_draw_dave2d_triangle.c...
compiling lv_draw_sdl.c...
compiling lv_draw_sw_blend.c...
compiling lv_draw_sw_blend_to_argb8888.c...
compiling lv_draw_sw_blend_to_al88.c...
compiling lv_draw_sw_blend_to_argb8888_premultiplied.c...
compiling lv_draw_sw_blend_to_rgb565_swapped.c...
compiling lv_draw_sw_blend_to_rgb888.c...
compiling lv_draw_sw_blend_to_l8.c...
compiling lv_draw_sw_arc.c...
compiling lv_draw_sw.c...
compiling lv_draw_sw_grad.c...
compiling lv_draw_sw_blend_to_rgb565.c...
compiling lv_draw_sw_blend_to_i1.c...
compiling lv_draw_sw_border.c...
compiling lv_draw_sw_fill.c...
compiling lv_draw_sw_letter.c...
compiling lv_draw_sw_line.c...
compiling lv_draw_sw_box_shadow.c...
compiling lv_draw_sw_mask_rect.c...
compiling lv_draw_sw_img.c...
compiling lv_draw_vg_lite.c...
compiling lv_draw_sw_triangle.c...
compiling lv_draw_vg_lite_fill.c...
compiling lv_draw_buf_vg_lite.c...
compiling lv_draw_sw_vector.c...
compiling lv_draw_sw_transform.c...
compiling lv_draw_vg_lite_box_shadow.c...
compiling lv_draw_vg_lite_border.c...
compiling lv_draw_vg_lite_arc.c...
compiling lv_draw_sw_utils.c...
compiling lv_draw_vg_lite_img.c...
compiling lv_draw_vg_lite_layer.c...
compiling lv_draw_vg_lite_line.c...
compiling lv_draw_vg_lite_mask_rect.c...
compiling lv_draw_vg_lite_vector.c...
compiling lv_draw_sw_mask.c...
compiling lv_draw_vg_lite_triangle.c...
compiling lv_vg_lite_decoder.c...
compiling lv_draw_vg_lite_label.c...
compiling lv_vg_lite_math.c...
compiling lv_linux_drm.c...
compiling lv_linux_fbdev.c...
compiling lv_ft81x.c...
compiling lv_ili9341.c...
compiling lv_lcd_generic_mipi.c...
compiling lv_vg_lite_stroke.c...
compiling lv_vg_lite_grad.c...
compiling lv_vg_lite_path.c...
compiling lv_vg_lite_utils.c...
compiling lv_vg_lite_pending.c...
compiling lv_renesas_glcdc.c...
compiling lv_st7789.c...
compiling lv_st7735.c...
compiling lv_st7796.c...
compiling lv_st_ltdc.c...
compiling lv_glfw_window.c...
compiling lv_opengles_debug.c...
compiling lv_evdev.c...
compiling lv_opengles_driver.c...
compiling lv_opengles_texture.c...
compiling lv_xkb.c...
compiling lv_nuttx_entry.c...
compiling lv_nuttx_fbdev.c...
compiling lv_nuttx_lcd.c...
compiling lv_libinput.c...
compiling lv_nuttx_touchscreen.c...
compiling lv_qnx.c...
compiling lv_sdl_keyboard.c...
compiling lv_nuttx_profiler.c...
compiling lv_sdl_mouse.c...
compiling lv_nuttx_cache.c...
compiling lv_nuttx_libuv.c...
compiling lv_sdl_mousewheel.c...
compiling lv_nuttx_image_cache.c...
compiling lv_sdl_window.c...
compiling lv_wl_cache.c...
compiling lv_wayland.c...
compiling lv_wl_dmabuf.c...
compiling lv_uefi_display.c...
compiling lv_uefi_indev_keyboard.c...
compiling lv_uefi_context.c...
compiling lv_wayland_smm.c...
compiling lv_uefi_indev_pointer.c...
compiling lv_uefi_indev_touch.c...
compiling lv_wl_keyboard.c...
compiling lv_wl_pointer_axis.c...
compiling lv_wl_pointer.c...
compiling lv_wl_seat.c...
compiling lv_uefi_private.c...
compiling lv_wl_shell.c...
compiling lv_wl_window.c...
compiling lv_wl_shm.c...
compiling lv_wl_window_decorations.c...
compiling lv_windows_input.c...
compiling lv_windows_context.c...
compiling lv_x11_display.c...
compiling lv_wl_touch.c...
compiling lv_x11_input.c...
compiling lv_wl_xdg_shell.c...
compiling lv_windows_display.c...
compiling lv_font.c...
compiling lv_font_montserrat_10.c...
compiling lv_font_dejavu_16_persian_hebrew.c...
compiling lv_font_fmt_txt.c...
compiling lv_font_montserrat_12.c...
compiling lv_font_montserrat_16.c...
compiling lv_font_montserrat_14.c...
compiling lv_binfont_loader.c...
compiling lv_font_montserrat_14_aligned.c...
compiling lv_font_montserrat_18.c...
compiling lv_font_montserrat_22.c...
compiling lv_font_montserrat_24.c...
compiling lv_font_montserrat_20.c...
compiling lv_font_montserrat_26.c...
compiling lv_font_montserrat_28.c...
compiling lv_font_montserrat_28_compressed.c...
compiling lv_font_montserrat_30.c...
compiling lv_font_montserrat_32.c...
compiling lv_font_montserrat_34.c...
compiling lv_font_montserrat_36.c...
compiling lv_font_montserrat_38.c...
compiling lv_font_montserrat_40.c...
compiling lv_font_montserrat_42.c...
compiling lv_font_simsun_16_cjk.c...
compiling lv_font_montserrat_46.c...
compiling lv_font_montserrat_44.c...
compiling lv_font_simsun_14_cjk.c...
compiling lv_font_montserrat_8.c...
compiling lv_font_montserrat_48.c...
compiling lv_font_source_han_sans_sc_16_cjk.c...
compiling lv_indev_gesture.c...
compiling lv_font_source_han_sans_sc_14_cjk.c...
compiling lv_font_unscii_16.c...
compiling lv_font_unscii_8.c...
compiling lv_flex.c...
compiling lv_grid.c...
compiling lv_indev_scroll.c...
compiling lv_layout.c...
compiling lv_indev.c...
compiling xmltok.c...
compiling xmlrole.c...
compiling xmltok_impl.c...
compiling xmlparse.c...
compiling xmltok_ns.c...
compiling lv_ffmpeg.c...
compiling code128.c...
compiling lv_freetype.c...
compiling lv_barcode.c...
compiling lv_bin_decoder.c...
compiling lv_bmp.c...
compiling lv_freetype_glyph.c...
compiling lv_fs_cbfs.c...
compiling lv_freetype_image.c...
compiling lv_freetype_outline.c...
compiling lv_ftsystem.c...
compiling gifdec.c...
compiling lv_gif.c...
compiling lz4.c...
compiling lv_fs_littlefs.c...
compiling lv_fs_fatfs.c...
compiling lv_fs_stdio.c...
compiling lv_fs_memfs.c...
compiling lv_libjpeg_turbo.c...
compiling lv_fs_posix.c...
compiling lv_fs_win32.c...
compiling lv_fs_uefi.c...
compiling lv_libpng.c...
compiling lodepng.c...
compiling lv_lodepng.c...
compiling lv_qrcode.c...
compiling lv_svg.c...
compiling lv_rle.c...
compiling qrcodegen.c...
compiling tjpgd.c...
compiling lv_rlottie.c...
compiling lv_svg_token.c...
compiling lv_svg_parser.c...
compiling lv_cache_lru_ll.c...
compiling lv_cache_lru_rb.c...
compiling lv_tiny_ttf.c...
compiling lv_tjpgd.c...
compiling lv_svg_render.c...
compiling lv_init.c...
compiling lv_svg_decoder.c...
compiling lv_image_header_cache.c...
compiling lv_image_cache.c...
compiling lv_cache_entry.c...
compiling lv_cache.c...
compiling lv_anim_timeline.c...
compiling lv_async.c...
compiling lv_bidi.c...
compiling lv_array.c...
compiling lv_area.c...
compiling lv_anim.c...
compiling lv_grad.c...
compiling lv_iter.c...
compiling lv_log.c...
compiling lv_color_op.c...
compiling lv_matrix.c...
compiling lv_circle_buf.c...
compiling lv_color.c...
compiling lv_ll.c...
compiling lv_event.c...
compiling lv_palette.c...
compiling lv_lru.c...
compiling lv_fs.c...
compiling lv_math.c...
compiling lv_profiler_builtin.c...
compiling lv_templ.c...
compiling lv_text_ap.c...
compiling lv_cmsis_rtos2.c...
compiling lv_rb.c...
compiling lv_freertos.c...
compiling lv_tree.c...
compiling lv_utils.c...
compiling lv_linux.c...
compiling lv_mqx.c...
compiling lv_style_gen.c...
compiling lv_style.c...
compiling lv_timer.c...
compiling lv_text.c...
compiling lv_os.c...
compiling lv_os_none.c...
compiling lv_pthread.c...
compiling lv_rtthread.c...
compiling lv_windows.c...
compiling lv_sdl2.c...
compiling lv_file_explorer.c...
compiling lv_fragment_manager.c...
compiling lv_gridnav.c...
compiling lv_font_manager_recycle.c...
compiling lv_font_manager.c...
compiling lv_monkey.c...
compiling lv_ime_pinyin.c...
compiling lv_fragment.c...
compiling lv_snapshot.c...
compiling lv_sysmon.c...
compiling lv_test_helpers.c...
compiling lv_test_display.c...
compiling lv_imgfont.c...
compiling lv_observer.c...
compiling lv_test_indev.c...
compiling lv_test_indev_gesture.c...
compiling lv_test_screenshot_compare.c...
compiling vg_lite_matrix.c...
compiling lv_xml_component.c...
compiling lv_xml.c...
compiling lv_xml_parser.c...
compiling lv_xml_update.c...
compiling lv_xml_utils.c...
compiling lv_xml_widget.c...
compiling lv_xml_style.c...
compiling lv_xml_base_types.c...
compiling lv_xml_bar_parser.c...
compiling lv_xml_arc_parser.c...
compiling lv_xml_canvas_parser.c...
compiling lv_xml_button_parser.c...
compiling lv_xml_buttonmatrix_parser.c...
compiling lv_xml_calendar_parser.c...
compiling lv_xml_checkbox_parser.c...
compiling lv_xml_chart_parser.c...
compiling lv_xml_dropdown_parser.c...
compiling lv_xml_image_parser.c...
compiling lv_xml_keyboard_parser.c...
compiling lv_xml_event_parser.c...
compiling lv_xml_obj_parser.c...
compiling lv_xml_label_parser.c...
compiling lv_xml_roller_parser.c...
compiling lv_xml_scale_parser.c...
compiling lv_xml_slider_parser.c...
compiling lv_mem_core_clib.c...
compiling lv_string_clib.c...
compiling lv_xml_textarea_parser.c...
compiling lv_xml_table_parser.c...
compiling lv_mem_core_builtin.c...
compiling lv_sprintf_clib.c...
compiling lv_xml_spangroup_parser.c...
compiling lv_xml_tabview_parser.c...
compiling lv_mem_core_rtthread.c...
compiling lv_mem_core_micropython.c...
compiling lv_sprintf_builtin.c...
compiling lv_string_builtin.c...
compiling lv_mem.c...
compiling lv_tlsf.c...
compiling lv_tick.c...
compiling lv_theme.c...
compiling lv_string_rtthread.c...
compiling lv_mem_core_uefi.c...
compiling lv_sprintf_rtthread.c...
compiling lv_3dtexture.c...
compiling lv_buttonmatrix.c...
compiling lv_arc.c...
compiling lv_button.c...
compiling lv_animimage.c...
compiling lv_bar.c...
compiling lv_theme_mono.c...
compiling lv_calendar_chinese.c...
compiling lv_theme_simple.c...
compiling lv_calendar.c...
compiling lv_calendar_header_arrow.c...
compiling lv_theme_default.c...
compiling lv_calendar_header_dropdown.c...
compiling lv_canvas.c...
compiling lv_checkbox.c...
compiling lv_dropdown.c...
compiling lv_led.c...
compiling lv_imagebutton.c...
compiling lv_keyboard.c...
compiling lv_objx_templ.c...
compiling lv_lottie.c...
compiling lv_list.c...
compiling lv_menu.c...
compiling lv_line.c...
compiling lv_msgbox.c...
compiling lv_image.c...
compiling lv_chart.c...
compiling lv_label.c...
compiling lv_dropdown_properties.c...
compiling lv_animimage_properties.c...
compiling lv_keyboard_properties.c...
compiling lv_image_properties.c...
compiling lv_roller_properties.c...
compiling lv_obj_properties.c...
compiling lv_style_properties.c...
compiling lv_slider_properties.c...
compiling lv_label_properties.c...
compiling lv_textarea_properties.c...
compiling lv_scale.c...
compiling lv_slider.c...
compiling lv_roller.c...
compiling lv_span.c...
compiling lv_spinbox.c...
compiling lv_switch.c...
compiling lv_spinner.c...
compiling lv_textarea.c...
compiling lv_table.c...
compiling lv_tileview.c...
compiling lv_win.c...
compiling lv_tabview.c...
compiling lv_port_disp.c...
compiling lv_port_indev.c...
compiling lv_font_alibaba_puhuiti_14.c...
compiling lv_font_montserrat_regular_16.c...
compiling cywatch_bsp_cst816t_driver.c...
compiling lv_font_montserrat_regular_20.c...
compiling cywatch_bsp_st7789t3_driver.c...
compiling cywatch_bsp_adkey_driver.c...
compiling icon_flame_18x18_RGB565A8_NONE.c...
compiling icon_steps_18x18_RGB565A8_NONE.c...
compiling icon_heart_18x18_RGB565A8_NONE.c...
compiling cywatch_bsp_w25q64_driver.c...
compiling cywatch_bsp_mpu6050_driver.c...
compiling cywatch_bsp_aht21_driver.c...
compiling cywatch_bsp_max30102_driver.c...
compiling cywatch_bsp_at24c02_driver.c...
compiling cywatch_fatfs_os.c...
compiling cywatch_fatfs_diskio.c...
compiling ffunicode.c...
compiling cywatch_service_key.c...
compiling cywatch_service_nordicprotocol.c...
compiling cywatch_bsp_nordic_driver.c...
compiling cywatch_adapter_w25q64.c...
compiling cywatch_adapter_adkey.c...
compiling easyapp_page.c...
compiling easyapp_event.c...
compiling easyapp_core.c...
compiling cywatch_service_fatfs.c...
compiling easyapp_port.c...
compiling cywatch_adapter_nordic.c...
compiling cywatch_app_datamodel.c...
compiling cywatch_adapter_indev.c...
compiling cywatch_adapter_disp.c...
compiling cywatch_service_AttitudeCalculation.c...
compiling cywatch_service_lvgl.c...
compiling cywatch_adapter_mpu6050.c...
compiling AttitudeCalculation.c...
../../MIddleWares/FatFS/ff16/source/ff.c(2555): warning: variable 'res' may be uninitialized when used here [-Wconditional-uninitialized]
                if (res != FR_NO_FILE) return res;      /* Abort if the result is other than 'not collided' */
                    ^~~
../../MIddleWares/FatFS/ff16/source/ff.c(2498): note: variable 'res' is declared here
        FRESULT res;
        ^
1 warning generated.
compiling ff.c...
compiling lv_watch_page_home.c...
compiling lv_watch_page_menu.c...
compiling lv_watch_page_spo2.c...
compiling lv_watch_ui.c...
compiling PageMem.c...
compiling lv_watch_page_heart.c...
compiling cywatch_service_HeartRate.c...
compiling cywatch_adapter_max30102.c...
compiling SpO2.c...
compiling HeartRate.c...
compiling cywatch_service_humiture.c...
compiling cywatch_adapter_at24c02.c...
compiling cywatch_adapter_aht21.c...
compiling lv_watch_page_ota.c...
linking...
Program Size: Code=236712 RO-data=46048 RW-data=456 ZI-data=106752  
FromELF: creating hex file...
".\CY_WATCH.axf" - 0 Error(s), 1 Warning(s).
Build Time Elapsed:  00:00:31
